// Bun Snapshot v1, https://bun.sh/docs/test/snapshots

exports[`The Glass Cage: State Sovereignty Theme Engine: Midnight Transition: theme_state_midnight 1`] = `"midnight"`;

exports[`The Glass Cage: State Sovereignty Accent Engine: Game Shift: accent_state_genshin 1`] = `"genshin"`;

exports[`The Glass Cage: State Sovereignty Theme Engine: Midnight Transition (The 16ms Rule): theme_state_midnight 1`] = `"midnight"`;

exports[`The Glass Cage: State Sovereignty Accent Engine: Game Shift (The 16ms Rule): accent_state_genshin 1`] = `"genshin"`;
